[2026-08-19 07:24:02] Vérification version 2.5.0 : 0 abonné(s) en attente.
[2026-08-19 07:24:07] Vérification version 2.5.0 : 0 abonné(s) en attente.
[2026-08-19 07:25:58] Vérification version 2.5.0 : 0 abonné(s) en attente.
[2026-08-19 07:26:38] Vérification version 2.5.0 : 0 abonné(s) en attente.
[2026-08-19 07:26:58] Vérification version 2.5.0 : 0 abonné(s) en attente.
[2026-08-19 07:27:53] Vérification version 2.5.0 : 0 abonné(s) en attente.
[2026-08-19 07:27:54] Vérification version 2.5.0 : 0 abonné(s) en attente.
[2026-08-19 07:27:55] Vérification version 2.5.0 : 0 abonné(s) en attente.
[2026-08-19 07:27:56] Vérification version 2.5.0 : 0 abonné(s) en attente.
[2026-08-19 07:27:56] Vérification version 2.5.0 : 0 abonné(s) en attente.
[2026-08-19 07:27:57] Vérification version 2.5.0 : 0 abonné(s) en attente.
[2026-08-19 07:27:57] Vérification version 2.5.0 : 0 abonné(s) en attente.
[2026-08-19 07:27:58] Vérification version 2.5.0 : 0 abonné(s) en attente.
[2026-08-19 07:27:59] Vérification version 2.5.0 : 0 abonné(s) en attente.
[2026-08-19 07:28:19] Vérification version 2.5.0 : 0 abonné(s) en attente.
[2026-08-19 07:28:42] Vérification version 2.5.0 : 0 abonné(s) en attente.
[2026-08-19 09:31:23] Vérification version 2.5.0 : 0 abonné(s) en attente.
[2026-08-19 09:39:46] Vérification version 2.5.0 : 0 abonné(s) en attente (lot max : 30).
[2026-08-19 09:41:33] Vérification version 2.5.0 : 0 abonné(s) en attente (lot max : 30).
[2026-08-19 09:59:03] Vérification version 2.5.0 : 1 abonné(s) en attente (lot max : 30).
[2026-08-19 09:59:04] Envoi terminé : 1/1 réussi(s) sur ce lot, 0 erreur(s), 0 abonné(s) restant(s) pour la prochaine exécution.
[2026-08-19 10:01:32] Vérification version 2.5.0 : 0 abonné(s) en attente (lot max : 30).
[2026-08-20 10:23:05] Vérification version 2.5.0 : 0 abonné(s) en attente (lot max : 30).
[2026-08-20 10:25:51] Vérification version 2.5.0 : 0 abonné(s) en attente (lot max : 30).
[2026-08-20 10:53:29] Vérification version 2.5.1 : 2 abonné(s) en attente (lot max : 30).
[2026-08-20 10:53:33] Envoi terminé : 2/2 réussi(s) sur ce lot, 0 erreur(s), 0 abonné(s) restant(s) pour la prochaine exécution.
[2026-08-20 11:23:42] Vérification version 2.5.3 : 1 abonné(s) en attente (lot max : 30).
[2026-08-20 11:23:43] Envoi terminé : 1/1 réussi(s) sur ce lot, 0 erreur(s), 0 abonné(s) restant(s) pour la prochaine exécution.
[2026-08-20 11:23:45] Vérification version 2.5.3 : 0 abonné(s) en attente (lot max : 30).
[2026-08-20 11:24:21] Vérification version 2.5.3 : 0 abonné(s) en attente (lot max : 30).
[2026-08-20 11:34:44] Vérification version 2.5.4 : 1 abonné(s) en attente (lot max : 30).
[2026-08-20 11:34:46] Envoi terminé : 1/1 réussi(s) sur ce lot, 0 erreur(s), 0 abonné(s) restant(s) pour la prochaine exécution.
[2026-08-21 17:08:59] Vérification version 2.5.6 : 1 abonné(s) en attente (lot max : 30).
[2026-08-21 17:08:59] Envoi terminé : 1/1 réussi(s) sur ce lot, 0 erreur(s), 0 abonné(s) restant(s).
[2026-08-21 17:09:34] Vérification version 3.0.0 : 1 abonné(s) en attente (lot max : 30).
[2026-08-21 17:09:34] Envoi terminé : 1/1 réussi(s) sur ce lot, 0 erreur(s), 0 abonné(s) restant(s).
[2026-08-21 17:09:44] Vérification version 3.0.0 : 0 abonné(s) en attente (lot max : 30).
[2026-08-21 17:09:51] Vérification version 3.0.1 : 1 abonné(s) en attente (lot max : 30).
[2026-08-21 17:09:51] Envoi terminé : 1/1 réussi(s) sur ce lot, 0 erreur(s), 0 abonné(s) restant(s).
[2026-08-21 17:11:39] Vérification version 2.5.6 : 1 abonné(s) en attente (lot max : 30).
[2026-08-21 17:11:39] Envoi terminé : 1/1 réussi(s) sur ce lot, 0 erreur(s), 0 abonné(s) restant(s).
[2026-08-21 17:13:06] Vérification version 2.5.6 : 0 abonné(s) en attente (lot max : 30).
[2026-08-21 17:15:22] Vérification version 2.5.6 : 0 abonné(s) en attente (lot max : 30).
[2026-08-21 17:18:11] Vérification version 2.5.6 : 0 abonné(s) en attente (lot max : 30).
[2026-08-21 17:18:42] Vérification version 2.5.6 : 0 abonné(s) en attente (lot max : 30).
[2026-08-21 17:18:50] Vérification version 2.5.6 : 0 abonné(s) en attente (lot max : 30).
[2026-08-21 17:34:32] Vérification v2.5.6 : 0 abonné(s) en attente (lot max : 30).
[2026-08-21 17:40:37] Vérification v2.5.6 : 0 abonné(s) en attente (lot max : 30).
